I'm sorry, but errors were detected in your script. Please correct the
errors listed below, and try again.


File "game/script.rpy", line 646: menu statement expects a non-empty block.
    menu:
        ^

File "game/script.rpy", line 648: expected statement.
    "Stay at the 1st floor":
                           ^

File "game/script.rpy", line 651: expected statement.
    "Go upstairs":
                 ^

Ren'Py Version: Ren'Py 8.1.3.23091805
Sun Aug 10 09:52:06 2025
